npm warn Unknown env config "http-proxy". This will stop working in the next major version of npm.

> test
> node --test tests/**/*.test.mjs

✔ blends observed performance without replacing profile abruptly (0.814166ms)
✔ does not trust observations below the task quality floor (0.171038ms)
Affiliate disclosure and neutrality review validation passed: local neutrality, non-affiliate alternatives, opt-in fixture boundary, dry-run redirects, catalog no-activation posture, and documented remediation gaps verified.
✔ tests/affiliate-disclosure-neutrality-review.test.mjs (61.076618ms)
CORE-001 agent loop and tool registry tests passed
✔ tests/agent-loop.test.mjs (94.472487ms)
✔ AgentRuntime persists successful execution through the canonical file persistence contract (24.744953ms)
✔ AgentRuntime persists provider failure and diagnostic state (14.719575ms)
Local API mock validation passed: endpoint surface, deterministic behavior, capability-first routing, dry-run safeguards, recovery boundaries, and local-only source checks verified.
✔ tests/agentos-local-mock-api.test.mjs (76.443828ms)
✔ AgentOS mission facade completes a successful mission (1.799359ms)
✔ AgentOS mission facade creates a human gate when blocked (0.529187ms)
✔ only queued tasks addressed to the receiver can be claimed (1.659299ms)
✔ wrong receiver cannot claim (0.191108ms)
✔ claimed work can be explicitly released for recovery (0.251869ms)
✔ audit store appends events and prevents duplicate event ids (1.109801ms)
✔ validates all autonomy levels 0 through 5 (1.71358ms)
✔ autonomy level is evaluated independently from capability authority (1.045614ms)
✔ temporary autonomy expires and fails closed (0.215114ms)
✔ effective authority preserves hard safety boundaries (0.226711ms)
✔ non-boolean authorised cannot grant authority: "false" (0.230948ms)
✔ non-boolean authorised cannot grant authority: 1 (0.128754ms)
✔ non-boolean authorised cannot grant authority: {} (0.129746ms)
✔ non-boolean authorised cannot grant authority: [] (0.136976ms)
✔ non-boolean capabilityGranted cannot grant authority: "false" (1.798859ms)
✔ non-boolean capabilityGranted cannot grant authority: 1 (0.31816ms)
✔ non-boolean capabilityGranted cannot grant authority: {} (0.157597ms)
✔ non-boolean capabilityGranted cannot grant authority: [] (0.104988ms)
✔ non-boolean inScope cannot grant authority: "false" (0.642698ms)
✔ non-boolean inScope cannot grant authority: 1 (0.10628ms)
✔ non-boolean inScope cannot grant authority: {} (0.116135ms)
✔ non-boolean inScope cannot grant authority: [] (0.076185ms)
✔ non-boolean withinBudget cannot grant authority: "false" (0.062284ms)
✔ non-boolean withinBudget cannot grant authority: 1 (0.128674ms)
✔ non-boolean withinBudget cannot grant authority: {} (0.076005ms)
✔ non-boolean withinBudget cannot grant authority: [] (0.072309ms)
✔ ambiguous production context fails: null (0.11985ms)
✔ ambiguous production context fails: 0 (2.041504ms)
✔ ambiguous production context fails: "" (0.088463ms)
✔ ambiguous production context fails: "false" (0.062053ms)
✔ installed local path reaches doctor GREEN then boot online and persists event (21.04478ms)
✔ installed local boot refuses non-safe configuration (9.349609ms)
✔ builds context from canonical state (1.03554ms)
✔ requires an existing mission and accepted decision (0.47132ms)
✔ rejects unaccepted decisions (0.17262ms)
✔ canonical state validates required authority fields (1.437645ms)
✔ canonical reader reads only canonical state paths (1.135079ms)
✔ capability adapters use real injected probes (1.84607ms)
✔ failed or missing integrations are safely reported unavailable (0.463838ms)
Capability matrix validation passed: 6 models, 11 dimensions, local evidence provenance, explicit unknowns, agent coverage boundary, and affiliate-neutral comparison verified.
✔ tests/capability-comparison-matrix.test.mjs (88.200287ms)
✔ normalizes adapter aliases to canonical capability names (3.640963ms)
✔ unknown capability names remain explicit and falsey values are normalized (0.157076ms)
✔ completed task can create an authorised queued continuation (2.350429ms)
✔ authority escalation in continuation is rejected (0.979645ms)
✔ kill is terminal for the runtime instance (1.969927ms)
✔ audit events are append-only values with actor and timestamp (0.375706ms)
✔ runtime can be paused and resumed (2.243698ms)
✔ kill is terminal for runtime execution (0.235414ms)
CORE-001 state primitive tests passed
✔ tests/core-state.test.mjs (76.330423ms)
CORE-001 end-to-end vertical slice passed
✔ tests/core-vertical-slice.test.mjs (79.105582ms)
✔ deterministic Skill Agent satisfies the worker contract (0.865683ms)
✔ trusted issuer with permitted capabilities is authorised (0.764742ms)
✔ issuer identity is independently trusted (0.480784ms)
✔ requested capabilities cannot exceed policy (0.200802ms)
✔ version conflicts are recoverable reconciliation events (1.745068ms)
✔ ordinary persistence failures are not treated as conflicts (0.164448ms)
✔ completed work can produce an authorised next task (1.697246ms)
✔ continuation cannot exceed parent authority (0.519192ms)
✔ continuation requires the parent to be completed (0.241524ms)
✔ envelope binds task to canonical mission and accepted decision (1.294459ms)
✔ conflicting canonical references are rejected (0.50419ms)
✔ poll cycle executes one matching task and can expose continuation (2.506204ms)
✔ stale claims can be recovered to queued state (1.058194ms)
✔ fresh work is not reset (0.147803ms)
✔ run budget rejects unsafe values (0.935188ms)
✔ valid completed response is correlated and evidence-backed (1.105034ms)
✔ mismatched response task id is rejected (1.525096ms)
✔ runner claims, executes, verifies and completes one task (1.942976ms)
✔ runner escalates execution failures (0.652052ms)
✔ store returns isolated task state and rejects duplicate IDs (1.651477ms)
✔ store replaces known task state (0.429737ms)
✔ worker claims the next matching queued task only after authority validation (1.400128ms)
✔ worker rejects untrusted issuers (0.574935ms)
✔ worker advances through verification to evidence-backed completion (0.271018ms)
✔ valid dispatch task can be validated and claimed once (1.478987ms)
✔ issuer and target mismatches are rejected (0.253371ms)
✔ completion requires evidence (0.696929ms)
✔ blocked and escalated are explicit outcomes (0.127623ms)
✔ local doctor reports GREEN for a fresh safe installation (15.610609ms)
✔ local doctor fails closed when state is missing (9.192482ms)
✔ governor prevents spending beyond token, call and cost budgets (1.679489ms)
✔ evidence model verifies complete evidence (1.568362ms)
✔ evidence model distinguishes unverified work and conflicts (0.19899ms)
Fallback API contract validation passed: required recovery examples, idempotency, SSE replay metadata, error correlation, privacy exclusions, and no-live-endpoint boundary verified.
✔ tests/fallback-api-contract.test.mjs (88.028027ms)
Fallback UI replacement validation passed: accessible structure, keyboard controls, health labels, context and stream recovery states, capability-first ranking, and self-contained offline safeguards verified.
✔ tests/fallback-ui-replacement.test.mjs (72.066602ms)
Fallback UI static validation passed: accessibility landmarks, context warning, provider health states, keyboard navigation, streaming recovery, neutrality, and offline-only safeguards verified.
✔ tests/fallback-ui-static.test.mjs (77.124619ms)
✔ file persistence survives adapter restart (12.341064ms)
Frontend fixture validation passed: category coverage, health transitions, deterministic ranking, capability-first behavior, and local-only safeguards verified.
✔ tests/frontend-provider-fixtures.test.mjs (85.849267ms)
✔ two concurrent runners have exactly one winner for a new lease (6.294559ms)
✔ expired lease takeover is single-winner and stale owner cannot release it (2.478122ms)
✔ completion race is first-writer-wins and loser replays the winner (3.694032ms)
✔ abandoned execution recovers after expiry without duplicate completion (2.388317ms)
✔ GitHub persistence provides shared conditional lease acquisition and release (4.739517ms)
✔ GitHub persistence prevents stale lease renewal from overwriting a newer lease (1.378416ms)
✔ GitHub persistence stores one completion and replays the winner (1.362131ms)
✔ repository adapter maps task IDs to durable dispatch paths and forwards expected versions (2.236628ms)
✔ repository adapter exposes durable audit path (0.395155ms)
✔ serialisation and fingerprint are deterministic (0.244819ms)
✔ GitHub transport rejects stale writes before mutation (1.419848ms)
✔ GitHub transport writes against the current blob when version matches (0.189815ms)
✔ completed task cannot be completed twice (2.554396ms)
✔ second runner cannot acquire an active task lease (1.455351ms)
✔ github-backed wake propagates one trace through task, response and audit (3.218367ms)
✔ github-backed wake fails closed when task disappears (0.217698ms)
✔ normalizes valid canonical evidence as green and read-only (1.500409ms)
✔ rejects workflow evidence from another commit (0.233051ms)
✔ detects heartbeat without useful progress (0.168553ms)
✔ detects contradictory completion evidence (0.182134ms)
✔ detects duplicate wake traces (0.849389ms)
✔ Green detects a dropped wake from expected-wake evidence (1.709304ms)
✔ Green distinguishes heartbeats from useful progress and detects stalled work (0.278309ms)
✔ Green detects duplicate execution traces even when prevention is elsewhere (0.204598ms)
✔ Green detects dispatch SLA drift without changing scheduler behavior (0.189005ms)
✔ Green ignores legitimate paused or cancelled expected work (0.244718ms)
✔ Green Agent produces ranked evidence-backed report and authority-limited task handoff (2.984524ms)
✔ Green Agent preserves historical findings and correlates duplicate observations (0.546183ms)
✔ Green Agent requires independent verified evidence to close and never self-confirms (0.965835ms)
✔ Green Agent rejects empty evidence and unsupported scan findings (0.306752ms)
✔ Green Agent challenge blocks promotion when a claim lacks verified evidence (0.722668ms)
✔ Green Agent GREEN observation never authorizes production promotion (0.238189ms)
✔ completion is accepted once (1.240288ms)
✔ unknown task IDs are rejected (0.176585ms)
✔ local installer rejects unsupported Node versions (1.152175ms)
✔ local installer creates durable safe defaults without enabling autonomy (9.903324ms)
Integration mock adapter validation passed: 8 deterministic states and offline-source safeguards verified.
✔ tests/integration-mock-adapters.test.mjs (63.051196ms)
✔ normalises worker profile and capabilities (1.177333ms)
✔ quality floor is independent of cost and latency (0.164698ms)
✔ second owner cannot acquire an active lease (0.760085ms)
✔ expired lease can be acquired by a new owner (0.17257ms)
✔ only current owner can renew or release (0.177958ms)
✔ acquires an unleased queued task (1.482944ms)
✔ rejects an active lease (0.206541ms)
✔ allows renewal only to the current owner (0.335915ms)
✔ requires the current owner to release (0.290647ms)
✔ local cycle propagates wake trace and records useful progress (2.242647ms)
✔ local cycle preserves an existing wake trace (0.408265ms)
✔ local cycle blocks without claiming completion (0.680855ms)
CORE-002 local deterministic demo tests passed
✔ tests/local-demo.test.mjs (86.280341ms)
✔ local persistence survives reopening and boot reuses the Overseer (10.025758ms)
✔ local persistence fails closed on invalid state schema (2.141565ms)
✔ installed runtime wake persists task, response, event and Overseer reuse (37.591387ms)
✔ wake fails closed when local config leaves safe DRY_RUN mode (3.946753ms)
{
  "status": "COMPLETED",
  "task_id": "local-wake-1977ce32-3cc3-4cbd-b05e-a59252bd3f13",
  "mission_id": "local-wake-1977ce32-3cc3-4cbd-b05e-a59252bd3f13",
  "wake_trace_id": "e6314554-91d8-4dd5-9fe9-24f95395f850",
  "source_agent": "agentos:deterministic-skill-agent",
  "mode": "DRY_RUN",
  "budget_status": "RECONCILED",
  "autonomyEnabled": false
}
✔ manual wake honours explicit AGENTOS_HOME and preserves safe defaults (11.049048ms)
{
  "status": "COMPLETED",
  "task_id": "local-wake-ffe264f3-d01e-4fe6-8b67-17ce9cf307a8",
  "mission_id": "local-wake-ffe264f3-d01e-4fe6-8b67-17ce9cf307a8",
  "wake_trace_id": "8f91e87c-13d7-4064-8f51-488432e15604",
  "source_agent": "agentos:deterministic-skill-agent",
  "mode": "DRY_RUN",
  "budget_status": "RECONCILED",
  "autonomyEnabled": false
}
✔ manual wake defaults to the platform home .agentos directory (9.246734ms)
✔ checkpoint preserves mission context and next action for resume (1.049541ms)
✔ pause and resume share one authoritative mission lifecycle (1.945379ms)
✔ mission lifecycle preserves state across human pause and resume (1.681933ms)
✔ unknown missions cannot transition (0.449877ms)
✔ canonical Overseer auditor persists recommendation and audit event (1.456063ms)
✔ agreed high-quality results are accepted (0.693744ms)
✔ qualified verification can override a weaker original (0.170427ms)
✔ unresolved disagreement escalates (0.161814ms)
✔ execution observations update the local worker profile (1.145014ms)
✔ decision loop resolves requirements, routes, executes and observes (1.594321ms)
✔ decision loop blocks cleanly when no worker qualifies (0.261454ms)
✔ verified evidence allows requested action (0.712813ms)
✔ unverified evidence requires verification (0.116876ms)
✔ conflicting evidence halts for reconciliation (0.16636ms)
✔ Overseer eligibility passes only after real integration probes (0.926855ms)
✔ Overseer eligibility blocks missing GitHub connectivity (0.847676ms)
✔ resolved consensus delivers without escalation (2.091099ms)
✔ high risk unresolved disagreement requires human review (0.129495ms)
✔ budget exhaustion prevents further review spending (0.118809ms)
✔ human gate pauses and resumes a mission decision (1.545968ms)
✔ defaults to balanced routing and a quality floor (0.711101ms)
✔ task preferences override defaults (0.154442ms)
✔ invalid preferences are rejected (0.41136ms)
✔ adapter satisfies Overseer router contract and preserves quality floor (0.959484ms)
✔ adapter honours speed preference after quality gate (0.161714ms)
✔ Overseer turn routes, persists, and audits through one boundary (2.225291ms)
✔ session blocks execution before routing when required connectivity is unavailable (1.490174ms)
✔ session proceeds to routing after eligibility is verified (0.349517ms)
✔ Overseer.sh adapter maps a successful REST response to the worker contract (0.930932ms)
✔ Overseer.sh adapter exposes provider failures as structured worker failures (0.294794ms)
CORE-001 Overseer audit tests passed
✔ tests/overseer.test.mjs (63.749438ms)
✔ canonical persistence bridge exposes one durable-state vocabulary (1.402522ms)
✔ valid persistence adapter is accepted (0.855739ms)
✔ incomplete persistence adapter fails closed (0.538571ms)
✔ completion key is stable (0.200041ms)
✔ valid mission envelope is accepted (94.664056ms)
✔ malformed mission fails closed (71.852048ms)
✔ non-pending mission cannot be replayed (74.111722ms)
✔ accepts a complete Project Overseer response envelope (0.78379ms)
✔ rejects an incomplete Project Overseer response envelope (0.118859ms)
✔ does not allow GREEN as a Project Overseer self-reported status (0.172319ms)
✔ validator accepts complete response (1.269882ms)
✔ validator rejects missing fields (0.319301ms)
✔ validator rejects self-reported GREEN (0.19912ms)
✔ Project Overseer production schedule is hourly and exact (0.958233ms)
✔ Project Overseer wake remains serialized and fail-visible (0.143837ms)
✔ Project Overseer wake verifies the complete deterministic gate (0.274904ms)
✔ Project Overseer wake remains production-enabled (0.163506ms)
Provider catalog reconciliation validation passed: 25 entries, status coverage, CSV provenance, project-evidence boundaries, neutral routing posture, and no-activation safeguards verified.
✔ tests/provider-catalog-reconciliation.test.mjs (88.088769ms)
Provider health policy validation passed: 8 states, freshness labels, stale-availability suppression, retry-after handling, deterministic recommendations, and no-invocation safeguards verified.
✔ tests/provider-health-policy.test.mjs (70.476607ms)
✔ quality floor excludes insufficient workers before cost optimisation (1.233297ms)
✔ speed preference selects fastest worker among quality-qualified options (0.223957ms)
✔ worker must provide every required capability (0.19308ms)
✔ reports when required quality is unavailable (0.180201ms)
Recovery event schema validation passed: complete event coverage, immutable append-only ordering, causal references, privacy exclusions, and recovery boundaries verified.
✔ tests/recovery-event-schemas.test.mjs (79.798786ms)
recovery event schema tests passed
✔ tests/recovery-events.test.mjs (93.458375ms)
CORE-001 recovery and provider handoff tests passed
✔ tests/recovery-handoff.test.mjs (85.661885ms)
✔ recovery retries while budget remains (1.413609ms)
✔ recovery escalates after budget exhaustion (0.122975ms)
✔ escalation pauses through authoritative control (0.167162ms)
✔ role identity is explicit and provider-neutral (0.778763ms)
✔ role identity fails closed when expected role differs (2.820387ms)
✔ role identity rejects missing provider or session (0.20602ms)
✔ role identity rejects unknown roles (0.118688ms)
✔ Gemini Overseer cannot perform ChatGPT Overseer-only authorization (0.169605ms)
✔ Gemini Overseer is allowed independent review and challenge actions (0.108683ms)
CORE-002 safe run-inspector tests passed
✔ tests/run-inspector.test.mjs (69.618195ms)
CORE-002 deterministic test-runner tests passed
✔ tests/run-tests.test.mjs (78.217434ms)
✔ runtime config requires repository identity (1.289892ms)
✔ runtime config uses safe defaults without exposing credentials (0.868528ms)
✔ runtime health tracks lifecycle and heartbeat (1.809846ms)
✔ runtime shell normalizes adapter aliases before eligibility evaluation (1.087218ms)
✔ runtime shell blocks when canonical required connectivity is absent (0.813756ms)
✔ runtime status combines control, health and scheduler state (1.219226ms)
✔ supervisor decision can be applied through authoritative control API (1.417274ms)
✔ healthy runtime continues (1.356052ms)
✔ transient degradation is observed (0.172961ms)
✔ repeated failures request pause (0.102054ms)
✔ kill and pause remain authoritative (0.222555ms)
✔ safe write succeeds normally (0.823079ms)
✔ safe write converts version conflict into reconciliation outcome (1.668052ms)
✔ safe write escalates non-conflict persistence failures (0.171348ms)
✔ scheduler records poll lifecycle events (2.718113ms)
✔ scheduler records poll errors and still invokes error handler (0.448566ms)
✔ paused scheduler does not poll (1.305386ms)
✔ scheduler stops rescheduling after kill (10.291297ms)
✔ control actions preserve kill as terminal (0.661626ms)
✔ scheduler updates health on startup and successful poll (2.01225ms)
✔ scheduler marks health degraded on poll failure (0.315716ms)
✔ scheduler drives a real poll cycle and completes an authorised task (3.151846ms)
✔ scheduler accepts supervisor decision and records it (1.461812ms)
✔ supervisor pause prevents poll execution (0.277929ms)
✔ scheduler runs a bounded number of poll cycles (4.875743ms)
✔ scheduler can be stopped and surfaces poll errors through handler (0.705462ms)
✔ shared reference persistence exposes the required production adapter surface (0.941678ms)
✔ shared reference persistence preserves lease time semantics and prevents competing owners (0.544881ms)
✔ shared reference persistence uses the canonical completion key and supports replay (1.033256ms)
✔ repeated workflows with savings become skill agent candidates (1.866501ms)
✔ skill agent is worthwhile when projected savings exceed costs with confidence (1.046295ms)
✔ low confidence blocks autonomous creation (0.133912ms)
✔ negative economics blocks creation (0.108784ms)
✔ free tier cannot create skill agents (1.023251ms)
✔ tier 2.1 allows one skill agent (0.988378ms)
✔ tier 2.3 allows three skill agents and capability lookup (0.261814ms)
✔ telemetry is off by default (0.992024ms)
✔ performance consent permits performance data only (0.136075ms)
✔ sanitisation excludes conversation content and arbitrary fields (0.412591ms)
Tier 2.3 status validator contract tests passed
✔ tests/tier2_3_status_validator.test.mjs (293.080963ms)
✔ routing filters by required capability before score (1.294019ms)
✔ routing can exclude unavailable workers (0.284268ms)
✔ routing does not use referral metadata as capability (0.549327ms)
✔ high risk requires verification (1.114198ms)
✔ low quality or confidence triggers verification (0.182264ms)
✔ strong normal result does not require review (0.169546ms)
✔ verification uses the common router and avoids the original worker (2.644262ms)
✔ claim succeeds only when the repository version still matches (0.762458ms)
✔ stale worker claim is rejected after another writer changes the version (0.175054ms)
✔ vertical mission completes through the public facade (1.867062ms)
✔ vertical mission stops safely when routing is blocked (0.50462ms)
✔ full vertical runtime completes a mission (1.365396ms)
✔ full vertical runtime preserves context through human pause and resume (1.407049ms)
✔ worker contract executes provider-independent worker (0.90348ms)
✔ worker contract converts execution errors into structured failures (0.203377ms)
✔ invalid workers are rejected before execution (0.333342ms)
✔ tracks observed quality cost latency success and retries (0.852193ms)
✔ strict matching selects an enabled executable worker with all capabilities (0.955789ms)
✔ strict matching rejects partial capability matches (0.136555ms)
✔ strict matching rejects disabled workers (0.123336ms)
✔ strict matching rejects non-executable workers (0.335866ms)
✔ strict matching can constrain selection to a worker id (0.269866ms)
ℹ tests 281
ℹ suites 0
ℹ pass 281
ℹ fail 0
ℹ cancelled 0
ℹ skipped 0
ℹ todo 0
ℹ duration_ms 1761.750961
