npm warn Unknown env config "http-proxy". This will stop working in the next major version of npm.

> test
> node --test tests/**/*.test.mjs

✔ blends observed performance without replacing profile abruptly (2.824073ms)
✔ does not trust observations below the task quality floor (0.378389ms)
Affiliate disclosure and neutrality review validation passed: local neutrality, non-affiliate alternatives, opt-in fixture boundary, dry-run redirects, catalog no-activation posture, and documented remediation gaps verified.
✔ tests/affiliate-disclosure-neutrality-review.test.mjs (290.704853ms)
CORE-001 agent loop and tool registry tests passed
✔ tests/agent-loop.test.mjs (310.177741ms)
✔ AgentRuntime persists successful execution through the canonical file persistence contract (67.370299ms)
✔ AgentRuntime persists provider failure and diagnostic state (42.997495ms)
Local API mock validation passed: endpoint surface, deterministic behavior, capability-first routing, dry-run safeguards, recovery boundaries, and local-only source checks verified.
✔ tests/agentos-local-mock-api.test.mjs (307.447614ms)
✔ AgentOS mission facade completes a successful mission (3.818693ms)
✔ AgentOS mission facade creates a human gate when blocked (0.851362ms)
✔ only queued tasks addressed to the receiver can be claimed (2.343214ms)
✔ wrong receiver cannot claim (0.216295ms)
✔ claimed work can be explicitly released for recovery (0.369401ms)
✔ audit store appends events and prevents duplicate event ids (1.219066ms)
▶ Mission C Basic Chat V1
  ✔ A/B: chat turn uses canonical wake with requireSchedulerDisabled (369.80161ms)
  ✔ C: scheduler enabled causes chat turn to fail closed (54.960205ms)
  ✔ G: second message works after first (323.279687ms)
  ✔ H/I: pause blocks; resume restores (131.242929ms)
  ✔ J: stop prevents subsequent execution (69.637262ms)
  ✔ K/L: restart restores conversation without replay (215.001224ms)
  ✔ M: public wakeLocal ignores injected greenEvaluate; chat rejects injection fields (268.488335ms)
  ✔ loopback server serves UI and keeps composer markup (137.022299ms)
✔ Mission C Basic Chat V1 (1587.762873ms)
✔ installed local path reaches doctor GREEN then boot online and persists event (118.274682ms)
✔ installed local boot refuses non-safe configuration (14.359252ms)
✔ builds context from canonical state (2.513174ms)
✔ requires an existing mission and accepted decision (2.359753ms)
✔ rejects unaccepted decisions (0.448751ms)
✔ canonical state validates required authority fields (1.727609ms)
✔ canonical reader reads only canonical state paths (1.512347ms)
✔ capability adapters use real injected probes (4.355393ms)
✔ failed or missing integrations are safely reported unavailable (0.886556ms)
Capability matrix validation passed: 6 models, 11 dimensions, local evidence provenance, explicit unknowns, agent coverage boundary, and affiliate-neutral comparison verified.
✔ tests/capability-comparison-matrix.test.mjs (168.423421ms)
✔ normalizes adapter aliases to canonical capability names (3.220869ms)
✔ unknown capability names remain explicit and falsey values are normalized (0.787867ms)
✔ completed task can create an authorised queued continuation (6.632315ms)
✔ authority escalation in continuation is rejected (2.989023ms)
✔ kill is terminal for the runtime instance (2.763351ms)
✔ audit events are append-only values with actor and timestamp (2.719621ms)
✔ runtime can be paused and resumed (1.92689ms)
✔ kill is terminal for runtime execution (0.244594ms)
CORE-001 state primitive tests passed
✔ tests/core-state.test.mjs (230.614879ms)
CORE-001 end-to-end vertical slice passed
✔ tests/core-vertical-slice.test.mjs (159.84583ms)
✔ deterministic Skill Agent satisfies the worker contract (1.526596ms)
✔ trusted issuer with permitted capabilities is authorised (0.902224ms)
✔ issuer identity is independently trusted (0.618372ms)
✔ requested capabilities cannot exceed policy (0.226512ms)
✔ version conflicts are recoverable reconciliation events (6.783715ms)
✔ ordinary persistence failures are not treated as conflicts (0.705716ms)
✔ completed work can produce an authorised next task (7.006743ms)
✔ continuation cannot exceed parent authority (1.328553ms)
✔ continuation requires the parent to be completed (4.51311ms)
✔ envelope binds task to canonical mission and accepted decision (1.481893ms)
✔ conflicting canonical references are rejected (0.63763ms)
✔ poll cycle executes one matching task and can expose continuation (13.001284ms)
✔ stale claims can be recovered to queued state (2.174793ms)
✔ fresh work is not reset (0.266198ms)
✔ run budget rejects unsafe values (1.913894ms)
✔ valid completed response is correlated and evidence-backed (4.505757ms)
✔ mismatched response task id is rejected (2.185025ms)
✔ runner claims, executes, verifies and completes one task (6.108791ms)
✔ runner escalates execution failures (1.635717ms)
✔ store returns isolated task state and rejects duplicate IDs (5.487446ms)
✔ store replaces known task state (0.505725ms)
✔ worker claims the next matching queued task only after authority validation (2.839161ms)
✔ worker rejects untrusted issuers (1.067847ms)
✔ worker advances through verification to evidence-backed completion (0.625808ms)
✔ valid dispatch task can be validated and claimed once (3.284823ms)
✔ issuer and target mismatches are rejected (0.438909ms)
✔ completion requires evidence (1.662011ms)
✔ blocked and escalated are explicit outcomes (0.321808ms)
✔ local doctor reports GREEN for a fresh safe installation (64.767454ms)
✔ local doctor fails closed when state is missing (33.488889ms)
✔ governor prevents spending beyond token, call and cost budgets (2.551144ms)
✔ evidence model verifies complete evidence (5.41647ms)
✔ evidence model distinguishes unverified work and conflicts (0.269227ms)
Fallback API contract validation passed: required recovery examples, idempotency, SSE replay metadata, error correlation, privacy exclusions, and no-live-endpoint boundary verified.
✔ tests/fallback-api-contract.test.mjs (278.709704ms)
Fallback UI replacement validation passed: accessible structure, keyboard controls, health labels, context and stream recovery states, capability-first ranking, and self-contained offline safeguards verified.
✔ tests/fallback-ui-replacement.test.mjs (167.58076ms)
Fallback UI static validation passed: accessibility landmarks, context warning, provider health states, keyboard navigation, streaming recovery, neutrality, and offline-only safeguards verified.
✔ tests/fallback-ui-static.test.mjs (202.696064ms)
✔ file persistence survives adapter restart (43.878873ms)
Frontend fixture validation passed: category coverage, health transitions, deterministic ranking, capability-first behavior, and local-only safeguards verified.
✔ tests/frontend-provider-fixtures.test.mjs (239.760702ms)
✔ two concurrent runners have exactly one winner for a new lease (8.163955ms)
✔ expired lease takeover is single-winner and stale owner cannot release it (6.861742ms)
✔ completion race is first-writer-wins and loser replays the winner (6.266292ms)
✔ abandoned execution recovers after expiry without duplicate completion (5.638353ms)
✔ GitHub persistence provides shared conditional lease acquisition and release (6.813775ms)
✔ GitHub persistence prevents stale lease renewal from overwriting a newer lease (11.794815ms)
✔ GitHub persistence stores one completion and replays the winner (3.796399ms)
✔ repository adapter maps task IDs to durable dispatch paths and forwards expected versions (23.81751ms)
✔ repository adapter exposes durable audit path (1.082729ms)
✔ serialisation and fingerprint are deterministic (0.525925ms)
✔ GitHub transport rejects stale writes before mutation (1.745087ms)
✔ GitHub transport writes against the current blob when version matches (0.39557ms)
✔ completed task cannot be completed twice (5.257953ms)
✔ second runner cannot acquire an active task lease (6.614509ms)
✔ github-backed wake propagates one trace through task, response and audit (9.262804ms)
✔ github-backed wake fails closed when task disappears (4.00929ms)
✔ normalizes valid canonical evidence as green and read-only (12.154093ms)
✔ rejects workflow evidence from another commit (0.457605ms)
✔ detects heartbeat without useful progress (0.304451ms)
✔ detects contradictory completion evidence (0.530036ms)
✔ detects duplicate wake traces (1.656392ms)
✔ Green detects a dropped wake from expected-wake evidence (3.900258ms)
✔ Green distinguishes heartbeats from useful progress and detects stalled work (0.333721ms)
✔ Green detects duplicate execution traces even when prevention is elsewhere (0.359753ms)
✔ Green detects dispatch SLA drift without changing scheduler behavior (0.318543ms)
✔ Green ignores legitimate paused or cancelled expected work (0.304942ms)
✔ Green Agent produces ranked evidence-backed report and authority-limited task handoff (8.321888ms)
✔ Green Agent preserves historical findings and correlates duplicate observations (1.098355ms)
✔ Green Agent requires independent verified evidence to close and never self-confirms (5.692882ms)
✔ Green Agent rejects empty evidence and unsupported scan findings (0.467357ms)
✔ Green Agent challenge blocks promotion when a claim lacks verified evidence (2.912805ms)
✔ Green Agent GREEN observation never authorizes production promotion (0.475559ms)
✔ completion is accepted once (1.457ms)
✔ unknown task IDs are rejected (0.280939ms)
✔ local installer rejects unsupported Node versions (1.218603ms)
✔ local installer creates durable safe defaults without enabling autonomy (33.265049ms)
✔ integration certification: authentication (1.923047ms)
✔ integration certification: permissions (0.255256ms)
✔ integration certification: plan restriction (0.296727ms)
✔ integration certification: quota (0.232685ms)
✔ integration certification: degraded operation (0.315629ms)
✔ integration certification: network failure (0.203172ms)
✔ integration certification: controlled failure (0.371915ms)
✔ stale, absent and future observations cannot certify current availability (3.149065ms)
✔ recovery needs a new observation; last success cannot override a present failure (0.351245ms)
Integration mock adapter validation passed: 8 deterministic states and offline-source safeguards verified.
✔ tests/integration-mock-adapters.test.mjs (267.9478ms)
✔ normalises worker profile and capabilities (2.446205ms)
✔ quality floor is independent of cost and latency (1.142959ms)
✔ second owner cannot acquire an active lease (1.493098ms)
✔ expired lease can be acquired by a new owner (0.28205ms)
✔ only current owner can renew or release (0.415512ms)
✔ acquires an unleased queued task (3.187239ms)
✔ rejects an active lease (0.526274ms)
✔ allows renewal only to the current owner (0.655496ms)
✔ requires the current owner to release (0.31431ms)
▶ Mission C true post-Green ledger append failure
  ✔ N: Green PASS then mandatory completion ledger failure → no durable COMPLETED (206.362107ms)
✔ Mission C true post-Green ledger append failure (210.901534ms)
✔ local cycle propagates wake trace and records useful progress (7.84196ms)
✔ local cycle preserves an existing wake trace (0.632996ms)
✔ local cycle blocks without claiming completion (4.117437ms)
CORE-002 local deterministic demo tests passed
✔ tests/local-demo.test.mjs (179.770458ms)
✔ independent state handles preserve every concurrent write and reject stale CAS (359.535688ms)
✔ failed atomic batch is not visible to a later successful write (17.416459ms)
✔ abandoned state lock is not stolen (1476.6836ms)
✔ local persistence survives reopening and boot reuses the Overseer (60.687424ms)
✔ local persistence fails closed on invalid state schema (10.719766ms)
▶ Mission B full-path Green FAIL and ledger failure
  ✔ FULL-PATH Green FAIL: wakeLocal leaves zero COMPLETED response artifacts (161.55174ms)
  ✔ LEDGER FAILURE before COMPLETED: throwing greenEvaluate after worker still no COMPLETED (104.225681ms)
✔ Mission B full-path Green FAIL and ledger failure (270.846859ms)
▶ Green completion gate (Mission A)
  ✔ TEST A/B: Green FAIL disposition is not pass and must not authorize COMPLETED (2.880406ms)
  ✔ TEST C: Green throws on missing task (caller must fail closed) (1.037139ms)
  ✔ TEST D: identity mismatch cannot PASS (0.927524ms)
  ✔ TEST E: valid evidence + matching identity yields PASS (0.735066ms)
  ✔ buildGreenEvidencePacket requires task identity (0.324388ms)
  ✔ ONLY disposition pass is treated as completion authorization (0.322374ms)
✔ Green completion gate (Mission A) (18.424172ms)
▶ Mission B — canonical local-wake + ledger
  ✔ TEST A: requireSchedulerDisabled fails closed when scheduler enabled (49.82116ms)
  ✔ TEST B: scheduler path allowed when requireSchedulerDisabled is false (0.817655ms)
  ✔ TEST C: scheduler enabled does not grant autonomy (still fails if autonomy true) (0.308059ms)
  ✔ TEST D: DRY_RUN still required regardless of scheduler flag (0.266597ms)
  ✔ TEST E: autonomy enabled fails closed (11.659802ms)
  ✔ TEST F: successful cycle leaves reconstructable ledger chain ending COMPLETED (223.775389ms)
  ✔ TEST G: identity-mismatch Green FAIL yields no PASS (0.531759ms)
  ✔ TEST H: Green exception path is fail-closed (0.270079ms)
  ✔ TEST K: two cycles use distinct wake IDs (238.885364ms)
  ✔ TEST J: createMissionRecord rejects invalid outcome (5.00691ms)
✔ Mission B — canonical local-wake + ledger (534.302177ms)
✔ final response write failure cannot publish ledger completion (106.659878ms)
✔ wake executes its exact task when an older queued task survives recovery (97.164177ms)
✔ installed runtime wake persists task, response, event and Overseer reuse (70.876649ms)
✔ wake fails closed when local config leaves safe DRY_RUN mode (3.915985ms)
{
  "status": "COMPLETED",
  "task_id": "local-wake-adbda4e3-0149-45b5-b402-3c8d9a81d25c",
  "mission_id": "mission:local-wake-adbda4e3-0149-45b5-b402-3c8d9a81d25c",
  "wake_trace_id": "01864942-3c60-48a0-a589-3ea2d2e9bdec",
  "source_agent": "agentos:deterministic-skill-agent",
  "mode": "DRY_RUN",
  "budget_status": "RECONCILED",
  "green_disposition": "pass",
  "autonomyEnabled": false
}
✔ manual wake honours explicit AGENTOS_HOME and preserves safe defaults (46.396562ms)
{
  "status": "COMPLETED",
  "task_id": "local-wake-22357aec-8934-47e4-947d-d735d9251d8a",
  "mission_id": "mission:local-wake-22357aec-8934-47e4-947d-d735d9251d8a",
  "wake_trace_id": "e01c1f2c-64ef-4d1b-9845-7a395ae05ac5",
  "source_agent": "agentos:deterministic-skill-agent",
  "mode": "DRY_RUN",
  "budget_status": "RECONCILED",
  "green_disposition": "pass",
  "autonomyEnabled": false
}
✔ manual wake defaults to the platform home .agentos directory (69.029425ms)
✔ checkpoint preserves mission context and next action for resume (2.216039ms)
✔ mission record has unique identity and exact UTC plus Brisbane timestamp (69.27325ms)
✔ A to B to C records correlate through predecessor checkpoint ids (1.111574ms)
✔ blocked, failed and awaiting-verification outcomes remain explicit (3.244813ms)
✔ append/read ledger is durable and index exposes current state (56.599595ms)
✔ summary includes blockers and latest stage state (7.390113ms)
✔ malformed NDJSON fails with a controlled mission-ledger parse error (6.969039ms)
✔ mission records reject invalid outcomes and required fields (0.635991ms)
✔ pause and resume share one authoritative mission lifecycle (2.907055ms)
✔ mission lifecycle preserves state across human pause and resume (2.213909ms)
✔ unknown missions cannot transition (0.652559ms)
✔ canonical Overseer auditor persists recommendation and audit event (2.887347ms)
✔ agreed high-quality results are accepted (1.072842ms)
✔ qualified verification can override a weaker original (0.375939ms)
✔ unresolved disagreement escalates (0.150957ms)
✔ execution observations update the local worker profile (7.97334ms)
✔ decision loop resolves requirements, routes, executes and observes (2.417928ms)
✔ decision loop blocks cleanly when no worker qualifies (0.537905ms)
✔ verified evidence allows requested action (2.29687ms)
✔ unverified evidence requires verification (0.267158ms)
✔ conflicting evidence halts for reconciliation (0.295526ms)
✔ Overseer eligibility passes only after real integration probes (1.773439ms)
✔ Overseer eligibility blocks missing GitHub connectivity (1.242902ms)
✔ resolved consensus delivers without escalation (2.630946ms)
✔ high risk unresolved disagreement requires human review (0.61264ms)
✔ budget exhaustion prevents further review spending (0.237072ms)
✔ human gate pauses and resumes a mission decision (3.061472ms)
✔ defaults to balanced routing and a quality floor (1.360251ms)
✔ task preferences override defaults (0.288328ms)
✔ invalid preferences are rejected (1.920651ms)
✔ adapter satisfies Overseer router contract and preserves quality floor (1.623946ms)
✔ adapter honours speed preference after quality gate (0.329855ms)
✔ Overseer turn routes, persists, and audits through one boundary (4.42433ms)
✔ session blocks execution before routing when required connectivity is unavailable (3.195977ms)
✔ session proceeds to routing after eligibility is verified (0.656523ms)
✔ Overseer.sh adapter maps a successful REST response to the worker contract (1.128527ms)
✔ Overseer.sh adapter exposes provider failures as structured worker failures (0.402188ms)
CORE-001 Overseer audit tests passed
✔ tests/overseer.test.mjs (236.424759ms)
✔ canonical persistence bridge exposes one durable-state vocabulary (4.933226ms)
✔ valid persistence adapter is accepted (1.404728ms)
✔ incomplete persistence adapter fails closed (0.670973ms)
✔ completion key is stable (0.215604ms)
✔ valid mission envelope is accepted (254.08301ms)
✔ malformed mission fails closed (158.565741ms)
✔ non-pending mission cannot be replayed (120.285411ms)
✔ accepts a complete Project Overseer response envelope (1.502543ms)
✔ rejects an incomplete Project Overseer response envelope (0.278054ms)
✔ does not allow GREEN as a Project Overseer self-reported status (0.705582ms)
✔ validator accepts complete response (2.189866ms)
✔ validator rejects missing fields (4.481331ms)
✔ validator rejects self-reported GREEN (0.344968ms)
✔ Project Overseer production schedule is hourly and exact (4.680914ms)
✔ Project Overseer wake remains serialized and fail-visible (0.344505ms)
✔ Project Overseer wake verifies the complete deterministic gate (0.565749ms)
✔ Project Overseer wake remains production-enabled (0.248842ms)
Provider catalog reconciliation validation passed: 25 entries, status coverage, CSV provenance, project-evidence boundaries, neutral routing posture, and no-activation safeguards verified.
✔ tests/provider-catalog-reconciliation.test.mjs (245.444346ms)
Provider health policy validation passed: 8 states, freshness labels, stale-availability suppression, retry-after handling, deterministic recommendations, and no-invocation safeguards verified.
✔ tests/provider-health-policy.test.mjs (148.504322ms)
✔ quality floor excludes insufficient workers before cost optimisation (1.75844ms)
✔ speed preference selects fastest worker among quality-qualified options (0.259695ms)
✔ worker must provide every required capability (1.414012ms)
✔ reports when required quality is unavailable (0.292964ms)
Recovery event schema validation passed: complete event coverage, immutable append-only ordering, causal references, privacy exclusions, and recovery boundaries verified.
✔ tests/recovery-event-schemas.test.mjs (168.823883ms)
recovery event schema tests passed
✔ tests/recovery-events.test.mjs (139.174821ms)
CORE-001 recovery and provider handoff tests passed
✔ tests/recovery-handoff.test.mjs (248.049066ms)
✔ recovery retries while budget remains (2.414844ms)
✔ recovery escalates after budget exhaustion (0.325408ms)
✔ escalation pauses through authoritative control (0.348112ms)
✔ a reused delivery with different request or host cannot borrow the original claim (61.658721ms)
✔ partial or malformed claim blocks replay and is never silently reclaimed (33.641002ms)
✔ first claim persists exact delivery correlation (22.636685ms)
✔ concurrent claim attempts produce exactly one winner (22.953976ms)
✔ second process-shaped store sees the durable duplicate claim (5.866951ms)
✔ claim identity fields are mandatory (1.892658ms)
✔ fresh claim remains active and cannot be reclaimed (5.878032ms)
✔ stale claim requires recovery evidence but never auto-reclaims (0.380796ms)
✔ unsupported state and invalid timestamps fail closed (1.079663ms)
✔ recovery threshold must be positive (0.295708ms)
✔ creates one deterministic-shaped host identity and persists it (32.650565ms)
✔ reuses exact host identity across later process-shaped loads (17.409464ms)
✔ concurrent first startup converges on one persisted host identity (69.581388ms)
✔ invalid existing identity fails closed rather than silently replacing it (10.187576ms)
✔ invalid admission clock and expiry cannot admit stale requests (2.777953ms)
✔ whitespace-only receipt evidence cannot support completion (7.9412ms)
✔ authorised-shaped remote input becomes authority-free candidate only (1.858486ms)
✔ remote caller cannot self-grant authority, consent or autonomy (1.130854ms)
✔ unauthenticated actor is rejected before admission (0.302318ms)
✔ production scope or production intent fails closed (3.268375ms)
✔ capability and project must be allowlisted independently from request content (0.373082ms)
✔ stale and materially future-dated requests are rejected (0.333172ms)
✔ duplicate delivery cannot be claimed twice in one claim registry (4.440882ms)
✔ completion receipt requires exact correlation and evidence (7.93565ms)
✔ receipt cannot invent an unsupported status (0.785821ms)
✔ invalid clock and expiry configuration cannot disable queue freshness checks (2.617902ms)
✔ authorised safe queued task for exact host is pickup eligible (3.859522ms)
✔ task cannot self-promote without authority admission (0.333224ms)
✔ superseded and non-queued work is never pickup eligible (0.408537ms)
✔ wrong host and host capability mismatch fail closed (0.29643ms)
✔ non-DRY_RUN and production-shaped constraints are prohibited (10.544397ms)
✔ stale or materially future queue entries fail closed (0.348581ms)
✔ invalid timestamp and empty required capabilities fail closed (0.300914ms)
✔ existing scheduler executes A once and never borrows queued B (408.581435ms)
✔ eight real scheduler processes cannot execute a delivery twice (567.714589ms)
✔ receipt write failure retains claim and charged budget without completion (74.420733ms)
✔ crashed stale claimant requires recovery and its claim is unchanged (55.091496ms)
✔ worker success plus Green fail persists blocked receipt (76.975381ms)
✔ capability mismatch blocks before execution (41.118609ms)
✔ superseded blocks before execution (13.474514ms)
✔ stale blocks before execution (11.957542ms)
✔ no authority blocks before execution (12.164683ms)
✔ blocked delivery does not starve the next admitted delivery (47.696521ms)
✔ exact persisted correlation is reportable but not self-certified assurance (14.714627ms)
✔ completion authorization or missing final receipt cannot be reported complete or authorize rerun (0.502938ms)
✔ borrowed task or mission identity fails closed (0.650866ms)
✔ duplicate correlated completion events are ambiguous and cannot be reported complete (0.280384ms)
✔ missing ancillary completion event after durable receipt requires reconciliation, never rerun (0.42367ms)
✔ worker success without Green pass or reconciled budget cannot become reportable completion (1.952163ms)
✔ response wake or worker mismatch is rejected even with a completed receipt (0.32388ms)
✔ Green without task correlation fails: {"disposition":"pass"} (0.442723ms)
✔ Green without task correlation fails: {"disposition":"pass","task_id":""} (0.221891ms)
✔ independent assignment host_id cannot be overridden by receipt (1.23241ms)
✔ independent assignment worker_id cannot be overridden by receipt (0.387725ms)
✔ independent assignment code_identity cannot be overridden by receipt (0.163206ms)
✔ independent assignment config_identity cannot be overridden by receipt (0.472527ms)
✔ independent assignment wake_trace_id cannot be overridden by receipt (0.164224ms)
✔ another wake completing the same task is ambiguity, not evidence to discard (0.181123ms)
✔ role identity is explicit and provider-neutral (1.221156ms)
✔ role identity fails closed when expected role differs (0.715622ms)
✔ role identity rejects missing provider or session (0.319387ms)
✔ role identity rejects unknown roles (0.239903ms)
✔ Gemini Overseer cannot perform ChatGPT Overseer-only authorization (0.58986ms)
✔ Gemini Overseer is allowed independent review and challenge actions (0.232354ms)
CORE-002 safe run-inspector tests passed
✔ tests/run-inspector.test.mjs (264.191496ms)
CORE-002 deterministic test-runner tests passed
✔ tests/run-tests.test.mjs (274.572044ms)
✔ runtime config requires repository identity (2.051826ms)
✔ runtime config uses safe defaults without exposing credentials (5.359518ms)
✔ runtime health tracks lifecycle and heartbeat (6.056403ms)
✔ runtime shell normalizes adapter aliases before eligibility evaluation (2.341206ms)
✔ runtime shell blocks when canonical required connectivity is absent (1.622858ms)
✔ runtime status combines control, health and scheduler state (6.233834ms)
✔ supervisor decision can be applied through authoritative control API (1.317486ms)
✔ healthy runtime continues (6.373165ms)
✔ transient degradation is observed (0.273676ms)
✔ repeated failures request pause (0.211772ms)
✔ kill and pause remain authoritative (0.296952ms)
✔ safe write succeeds normally (5.675822ms)
✔ safe write converts version conflict into reconciliation outcome (0.976386ms)
✔ safe write escalates non-conflict persistence failures (0.30475ms)
✔ scheduler records poll lifecycle events (8.064106ms)
✔ scheduler records poll errors and still invokes error handler (0.364253ms)
✔ paused scheduler does not poll (7.084684ms)
✔ scheduler stops rescheduling after kill (10.872418ms)
✔ control actions preserve kill as terminal (1.054359ms)
✔ scheduler updates health on startup and successful poll (2.554934ms)
✔ scheduler marks health degraded on poll failure (0.529274ms)
✔ scheduler drives a real poll cycle and completes an authorised task (4.45618ms)
✔ scheduler accepts supervisor decision and records it (5.582038ms)
✔ supervisor pause prevents poll execution (0.37024ms)
✔ scheduler runs a bounded number of poll cycles (8.447889ms)
✔ scheduler can be stopped and surfaces poll errors through handler (0.992671ms)
✔ shared reference persistence exposes the required production adapter surface (1.481205ms)
✔ shared reference persistence preserves lease time semantics and prevents competing owners (0.447254ms)
✔ shared reference persistence uses the canonical completion key and supports replay (2.112484ms)
✔ repeated workflows with savings become skill agent candidates (11.067259ms)
✔ skill agent is worthwhile when projected savings exceed costs with confidence (1.453531ms)
✔ low confidence blocks autonomous creation (0.219876ms)
✔ negative economics blocks creation (0.231986ms)
✔ free tier cannot create skill agents (8.942161ms)
✔ tier 2.1 allows one skill agent (1.278257ms)
✔ tier 2.3 allows three skill agents and capability lookup (0.355622ms)
✔ telemetry is off by default (1.449774ms)
✔ performance consent permits performance data only (0.260399ms)
✔ sanitisation excludes conversation content and arbitrary fields (0.307365ms)
Tier 2.3 status validator contract tests passed
✔ tests/tier2_3_status_validator.test.mjs (477.804184ms)
✔ routing filters by required capability before score (2.228304ms)
✔ routing can exclude unavailable workers (0.390993ms)
✔ routing does not use referral metadata as capability (0.841904ms)
✔ high risk requires verification (1.474722ms)
✔ low quality or confidence triggers verification (0.261182ms)
✔ strong normal result does not require review (0.233543ms)
✔ verification uses the common router and avoids the original worker (1.927663ms)
✔ claim succeeds only when the repository version still matches (1.610713ms)
✔ stale worker claim is rejected after another writer changes the version (0.31922ms)
✔ vertical mission completes through the public facade (2.145266ms)
✔ vertical mission stops safely when routing is blocked (0.407293ms)
✔ full vertical runtime completes a mission (3.439902ms)
✔ full vertical runtime preserves context through human pause and resume (2.192531ms)
✔ worker contract executes provider-independent worker (1.48684ms)
✔ worker contract converts execution errors into structured failures (0.538154ms)
✔ invalid workers are rejected before execution (0.829145ms)
✔ tracks observed quality cost latency success and retries (1.943719ms)
✔ strict matching selects an enabled executable worker with all capabilities (1.220925ms)
✔ strict matching rejects partial capability matches (0.218183ms)
✔ strict matching rejects disabled workers (0.293902ms)
✔ strict matching rejects non-executable workers (0.568003ms)
✔ strict matching can constrain selection to a worker id (0.17659ms)
ℹ tests 363
ℹ suites 5
ℹ pass 363
ℹ fail 0
ℹ cancelled 0
ℹ skipped 0
ℹ todo 0
ℹ duration_ms 6259.230403
