npm warn Unknown env config "http-proxy". This will stop working in the next major version of npm.

> test
> node --test tests/**/*.test.mjs

✔ blends observed performance without replacing profile abruptly (1.400268ms)
✔ does not trust observations below the task quality floor (0.311349ms)
Affiliate disclosure and neutrality review validation passed: local neutrality, non-affiliate alternatives, opt-in fixture boundary, dry-run redirects, catalog no-activation posture, and documented remediation gaps verified.
✔ tests/affiliate-disclosure-neutrality-review.test.mjs (116.129015ms)
CORE-001 agent loop and tool registry tests passed
✔ tests/agent-loop.test.mjs (168.479077ms)
✔ AgentRuntime persists successful execution through the canonical file persistence contract (28.788902ms)
✔ AgentRuntime persists provider failure and diagnostic state (15.654514ms)
Local API mock validation passed: endpoint surface, deterministic behavior, capability-first routing, dry-run safeguards, recovery boundaries, and local-only source checks verified.
✔ tests/agentos-local-mock-api.test.mjs (147.354707ms)
✔ AgentOS mission facade completes a successful mission (2.328917ms)
✔ AgentOS mission facade creates a human gate when blocked (0.565261ms)
✔ only queued tasks addressed to the receiver can be claimed (1.651127ms)
✔ wrong receiver cannot claim (0.192089ms)
✔ claimed work can be explicitly released for recovery (0.236776ms)
✔ audit store appends events and prevents duplicate event ids (1.279487ms)
✔ installed local path reaches doctor GREEN then boot online and persists event (21.46294ms)
✔ installed local boot refuses non-safe configuration (7.217029ms)
✔ builds context from canonical state (1.670576ms)
✔ requires an existing mission and accepted decision (1.702123ms)
✔ rejects unaccepted decisions (0.344308ms)
✔ canonical state validates required authority fields (1.649554ms)
✔ canonical reader reads only canonical state paths (1.506098ms)
✔ capability adapters use real injected probes (2.543721ms)
✔ failed or missing integrations are safely reported unavailable (1.792129ms)
Capability matrix validation passed: 6 models, 11 dimensions, local evidence provenance, explicit unknowns, agent coverage boundary, and affiliate-neutral comparison verified.
✔ tests/capability-comparison-matrix.test.mjs (114.028717ms)
✔ normalizes adapter aliases to canonical capability names (1.833111ms)
✔ unknown capability names remain explicit and falsey values are normalized (0.238009ms)
✔ completed task can create an authorised queued continuation (2.745094ms)
✔ authority escalation in continuation is rejected (0.874557ms)
✔ kill is terminal for the runtime instance (1.915725ms)
✔ audit events are append-only values with actor and timestamp (0.322977ms)
✔ runtime can be paused and resumed (5.365449ms)
✔ kill is terminal for runtime execution (0.308084ms)
CORE-001 state primitive tests passed
✔ tests/core-state.test.mjs (70.944814ms)
CORE-001 end-to-end vertical slice passed
✔ tests/core-vertical-slice.test.mjs (61.908917ms)
✔ deterministic Skill Agent satisfies the worker contract (1.006546ms)
✔ trusted issuer with permitted capabilities is authorised (0.791662ms)
✔ issuer identity is independently trusted (0.681686ms)
✔ requested capabilities cannot exceed policy (0.148774ms)
✔ version conflicts are recoverable reconciliation events (2.756231ms)
✔ ordinary persistence failures are not treated as conflicts (0.321824ms)
✔ completed work can produce an authorised next task (1.358706ms)
✔ continuation cannot exceed parent authority (0.361605ms)
✔ continuation requires the parent to be completed (0.145689ms)
✔ envelope binds task to canonical mission and accepted decision (1.687161ms)
✔ conflicting canonical references are rejected (0.662448ms)
✔ poll cycle executes one matching task and can expose continuation (2.004589ms)
✔ stale claims can be recovered to queued state (1.098925ms)
✔ fresh work is not reset (0.125008ms)
✔ run budget rejects unsafe values (1.064333ms)
✔ valid completed response is correlated and evidence-backed (1.149061ms)
✔ mismatched response task id is rejected (1.612138ms)
✔ runner claims, executes, verifies and completes one task (2.544421ms)
✔ runner escalates execution failures (0.725051ms)
✔ store returns isolated task state and rejects duplicate IDs (1.672459ms)
✔ store replaces known task state (0.399452ms)
✔ worker claims the next matching queued task only after authority validation (0.932585ms)
✔ worker rejects untrusted issuers (0.429016ms)
✔ worker advances through verification to evidence-backed completion (0.499282ms)
✔ valid dispatch task can be validated and claimed once (1.886622ms)
✔ issuer and target mismatches are rejected (0.377369ms)
✔ completion requires evidence (1.175911ms)
✔ blocked and escalated are explicit outcomes (0.282535ms)
✔ local doctor reports GREEN for a fresh safe installation (10.369065ms)
✔ local doctor fails closed when state is missing (6.289331ms)
✔ governor prevents spending beyond token, call and cost budgets (1.837857ms)
✔ evidence model verifies complete evidence (0.847646ms)
✔ evidence model distinguishes unverified work and conflicts (0.140762ms)
Fallback API contract validation passed: required recovery examples, idempotency, SSE replay metadata, error correlation, privacy exclusions, and no-live-endpoint boundary verified.
✔ tests/fallback-api-contract.test.mjs (71.657577ms)
Fallback UI replacement validation passed: accessible structure, keyboard controls, health labels, context and stream recovery states, capability-first ranking, and self-contained offline safeguards verified.
✔ tests/fallback-ui-replacement.test.mjs (85.790755ms)
Fallback UI static validation passed: accessibility landmarks, context warning, provider health states, keyboard navigation, streaming recovery, neutrality, and offline-only safeguards verified.
✔ tests/fallback-ui-static.test.mjs (98.276667ms)
✔ file persistence survives adapter restart (25.950783ms)
Frontend fixture validation passed: category coverage, health transitions, deterministic ranking, capability-first behavior, and local-only safeguards verified.
✔ tests/frontend-provider-fixtures.test.mjs (90.906454ms)
✔ two concurrent runners have exactly one winner for a new lease (6.18877ms)
✔ expired lease takeover is single-winner and stale owner cannot release it (4.461769ms)
✔ completion race is first-writer-wins and loser replays the winner (2.095165ms)
✔ abandoned execution recovers after expiry without duplicate completion (2.468588ms)
✔ GitHub persistence provides shared conditional lease acquisition and release (7.521927ms)
✔ GitHub persistence prevents stale lease renewal from overwriting a newer lease (1.74605ms)
✔ GitHub persistence stores one completion and replays the winner (1.902815ms)
✔ repository adapter maps task IDs to durable dispatch paths and forwards expected versions (2.379713ms)
✔ repository adapter exposes durable audit path (0.35159ms)
✔ serialisation and fingerprint are deterministic (0.142304ms)
✔ GitHub transport rejects stale writes before mutation (1.0959ms)
✔ GitHub transport writes against the current blob when version matches (0.290668ms)
✔ completed task cannot be completed twice (2.887388ms)
✔ second runner cannot acquire an active task lease (1.178805ms)
✔ github-backed wake propagates one trace through task, response and audit (3.608784ms)
✔ github-backed wake fails closed when task disappears (0.328094ms)
✔ normalizes valid canonical evidence as green and read-only (1.83892ms)
✔ rejects workflow evidence from another commit (0.291519ms)
✔ detects heartbeat without useful progress (0.246341ms)
✔ detects contradictory completion evidence (0.252551ms)
✔ detects duplicate wake traces (0.820736ms)
✔ Green detects a dropped wake from expected-wake evidence (1.786711ms)
✔ Green distinguishes heartbeats from useful progress and detects stalled work (0.271448ms)
✔ Green detects duplicate execution traces even when prevention is elsewhere (0.217457ms)
✔ Green detects dispatch SLA drift without changing scheduler behavior (0.207333ms)
✔ Green ignores legitimate paused or cancelled expected work (0.246662ms)
✔ Green Agent produces ranked evidence-backed report and authority-limited task handoff (3.175832ms)
✔ Green Agent preserves historical findings and correlates duplicate observations (0.663038ms)
✔ Green Agent requires independent verified evidence to close and never self-confirms (0.9957ms)
✔ Green Agent rejects empty evidence and unsupported scan findings (0.281544ms)
✔ Green Agent challenge blocks promotion when a claim lacks verified evidence (0.49148ms)
✔ Green Agent GREEN observation never authorizes production promotion (0.201633ms)
✔ completion is accepted once (1.736876ms)
✔ unknown task IDs are rejected (0.211558ms)
✔ local installer rejects unsupported Node versions (1.343824ms)
✔ local installer creates durable safe defaults without enabling autonomy (30.263964ms)
Integration mock adapter validation passed: 8 deterministic states and offline-source safeguards verified.
✔ tests/integration-mock-adapters.test.mjs (93.627281ms)
✔ normalises worker profile and capabilities (1.504686ms)
✔ quality floor is independent of cost and latency (0.180372ms)
✔ second owner cannot acquire an active lease (1.137353ms)
✔ expired lease can be acquired by a new owner (0.226561ms)
✔ only current owner can renew or release (0.308114ms)
✔ acquires an unleased queued task (1.988595ms)
✔ rejects an active lease (0.262655ms)
✔ allows renewal only to the current owner (0.320493ms)
✔ requires the current owner to release (0.25896ms)
✔ local cycle propagates wake trace and records useful progress (3.69199ms)
✔ local cycle preserves an existing wake trace (0.393472ms)
✔ local cycle blocks without claiming completion (0.31226ms)
CORE-002 local deterministic demo tests passed
✔ tests/local-demo.test.mjs (107.583407ms)
✔ local persistence survives reopening and boot reuses the Overseer (23.771357ms)
✔ local persistence fails closed on invalid state schema (3.808214ms)
✔ installed runtime wake persists task, response, event and Overseer reuse (42.794603ms)
✔ wake fails closed when local config leaves safe DRY_RUN mode (4.527607ms)
{
  "status": "COMPLETED",
  "task_id": "local-wake-287026b4-9282-43bd-afc3-2ec392e22a77",
  "mission_id": "local-wake-287026b4-9282-43bd-afc3-2ec392e22a77",
  "wake_trace_id": "1e9f725d-d957-4c1e-b943-c3ca4d43703a",
  "source_agent": "agentos:deterministic-skill-agent",
  "mode": "DRY_RUN",
  "budget_status": "RECONCILED",
  "autonomyEnabled": false
}
✔ manual wake honours explicit AGENTOS_HOME and preserves safe defaults (13.431727ms)
{
  "status": "COMPLETED",
  "task_id": "local-wake-4f764ef0-681b-4840-a8c8-32a7864f5638",
  "mission_id": "local-wake-4f764ef0-681b-4840-a8c8-32a7864f5638",
  "wake_trace_id": "76ac3d30-8c6d-4114-8d82-19e8e9ec2361",
  "source_agent": "agentos:deterministic-skill-agent",
  "mode": "DRY_RUN",
  "budget_status": "RECONCILED",
  "autonomyEnabled": false
}
✔ manual wake defaults to the platform home .agentos directory (16.299786ms)
✔ checkpoint preserves mission context and next action for resume (1.652548ms)
✔ pause and resume share one authoritative mission lifecycle (1.730837ms)
✔ mission lifecycle preserves state across human pause and resume (1.214469ms)
✔ unknown missions cannot transition (0.392591ms)
✔ canonical Overseer auditor persists recommendation and audit event (2.074694ms)
✔ agreed high-quality results are accepted (0.876901ms)
✔ qualified verification can override a weaker original (0.217358ms)
✔ unresolved disagreement escalates (0.196166ms)
✔ execution observations update the local worker profile (2.13184ms)
✔ decision loop resolves requirements, routes, executes and observes (0.975539ms)
✔ decision loop blocks cleanly when no worker qualifies (0.341725ms)
✔ verified evidence allows requested action (0.722207ms)
✔ unverified evidence requires verification (0.119831ms)
✔ conflicting evidence halts for reconciliation (0.101523ms)
✔ Overseer eligibility passes only after real integration probes (1.477925ms)
✔ Overseer eligibility blocks missing GitHub connectivity (1.46792ms)
✔ resolved consensus delivers without escalation (1.312386ms)
✔ high risk unresolved disagreement requires human review (0.145138ms)
✔ budget exhaustion prevents further review spending (0.136696ms)
✔ human gate pauses and resumes a mission decision (1.571847ms)
✔ defaults to balanced routing and a quality floor (1.080547ms)
✔ task preferences override defaults (0.218018ms)
✔ invalid preferences are rejected (0.583178ms)
✔ adapter satisfies Overseer router contract and preserves quality floor (1.090602ms)
✔ adapter honours speed preference after quality gate (0.356567ms)
✔ Overseer turn routes, persists, and audits through one boundary (2.745184ms)
✔ session blocks execution before routing when required connectivity is unavailable (2.732134ms)
✔ session proceeds to routing after eligibility is verified (0.568095ms)
✔ Overseer.sh adapter maps a successful REST response to the worker contract (1.214178ms)
✔ Overseer.sh adapter exposes provider failures as structured worker failures (0.408945ms)
CORE-001 Overseer audit tests passed
✔ tests/overseer.test.mjs (84.923514ms)
✔ canonical persistence bridge exposes one durable-state vocabulary (1.639929ms)
✔ valid persistence adapter is accepted (1.14263ms)
✔ incomplete persistence adapter fails closed (0.571421ms)
✔ completion key is stable (0.173251ms)
✔ valid mission envelope is accepted (89.039947ms)
✔ malformed mission fails closed (80.611651ms)
✔ non-pending mission cannot be replayed (102.856584ms)
✔ accepts a complete Project Overseer response envelope (1.200979ms)
✔ rejects an incomplete Project Overseer response envelope (0.172029ms)
✔ does not allow GREEN as a Project Overseer self-reported status (0.191028ms)
✔ validator accepts complete response (1.577656ms)
✔ validator rejects missing fields (0.222946ms)
✔ validator rejects self-reported GREEN (0.151428ms)
✔ Project Overseer production schedule is hourly and exact (1.243232ms)
✔ Project Overseer wake remains serialized and fail-visible (0.182114ms)
✔ Project Overseer wake verifies the complete deterministic gate (0.452281ms)
✔ Project Overseer wake remains production-enabled (0.190327ms)
Provider catalog reconciliation validation passed: 25 entries, status coverage, CSV provenance, project-evidence boundaries, neutral routing posture, and no-activation safeguards verified.
✔ tests/provider-catalog-reconciliation.test.mjs (76.56033ms)
Provider health policy validation passed: 8 states, freshness labels, stale-availability suppression, retry-after handling, deterministic recommendations, and no-invocation safeguards verified.
✔ tests/provider-health-policy.test.mjs (110.569233ms)
✔ quality floor excludes insufficient workers before cost optimisation (1.200578ms)
✔ speed preference selects fastest worker among quality-qualified options (0.176957ms)
✔ worker must provide every required capability (1.03545ms)
✔ reports when required quality is unavailable (0.217888ms)
Recovery event schema validation passed: complete event coverage, immutable append-only ordering, causal references, privacy exclusions, and recovery boundaries verified.
✔ tests/recovery-event-schemas.test.mjs (87.573064ms)
recovery event schema tests passed
✔ tests/recovery-events.test.mjs (73.274241ms)
CORE-001 recovery and provider handoff tests passed
✔ tests/recovery-handoff.test.mjs (83.218726ms)
✔ recovery retries while budget remains (1.70003ms)
✔ recovery escalates after budget exhaustion (0.161864ms)
✔ escalation pauses through authoritative control (0.248475ms)
✔ role identity is explicit and provider-neutral (1.041818ms)
✔ role identity fails closed when expected role differs (0.520113ms)
✔ role identity rejects missing provider or session (0.183486ms)
✔ role identity rejects unknown roles (0.180712ms)
✔ Gemini Overseer cannot perform ChatGPT Overseer-only authorization (1.402071ms)
✔ Gemini Overseer is allowed independent review and challenge actions (3.604328ms)
CORE-002 safe run-inspector tests passed
✔ tests/run-inspector.test.mjs (84.111962ms)
CORE-002 deterministic test-runner tests passed
✔ tests/run-tests.test.mjs (86.048728ms)
✔ runtime config requires repository identity (1.086196ms)
✔ runtime config uses safe defaults without exposing credentials (0.615677ms)
✔ runtime health tracks lifecycle and heartbeat (1.509163ms)
✔ runtime shell normalizes adapter aliases before eligibility evaluation (1.251925ms)
✔ runtime shell blocks when canonical required connectivity is absent (0.809218ms)
✔ runtime status combines control, health and scheduler state (1.515062ms)
✔ supervisor decision can be applied through authoritative control API (1.73305ms)
✔ healthy runtime continues (1.967452ms)
✔ transient degradation is observed (0.271619ms)
✔ repeated failures request pause (0.116716ms)
✔ kill and pause remain authoritative (0.138349ms)
✔ safe write succeeds normally (1.145615ms)
✔ safe write converts version conflict into reconciliation outcome (0.685492ms)
✔ safe write escalates non-conflict persistence failures (0.212901ms)
✔ scheduler records poll lifecycle events (2.448006ms)
✔ scheduler records poll errors and still invokes error handler (0.391549ms)
✔ paused scheduler does not poll (1.654211ms)
