npm warn Unknown env config "http-proxy". This will stop working in the next major version of npm.

> test
> node --test tests/**/*.test.mjs

✔ blends observed performance without replacing profile abruptly (6.976962ms)
✔ does not trust observations below the task quality floor (5.716292ms)
Affiliate disclosure and neutrality review validation passed: local neutrality, non-affiliate alternatives, opt-in fixture boundary, dry-run redirects, catalog no-activation posture, and documented remediation gaps verified.
✔ tests/affiliate-disclosure-neutrality-review.test.mjs (185.867341ms)
CORE-001 agent loop and tool registry tests passed
✔ tests/agent-loop.test.mjs (187.283469ms)
✔ AgentRuntime persists successful execution through the canonical file persistence contract (91.079614ms)
✔ AgentRuntime persists provider failure and diagnostic state (31.52455ms)
Local API mock validation passed: endpoint surface, deterministic behavior, capability-first routing, dry-run safeguards, recovery boundaries, and local-only source checks verified.
✔ tests/agentos-local-mock-api.test.mjs (143.020981ms)
✔ AgentOS mission facade completes a successful mission (2.385581ms)
✔ AgentOS mission facade creates a human gate when blocked (0.751021ms)
✔ only queued tasks addressed to the receiver can be claimed (1.333568ms)
✔ wrong receiver cannot claim (0.149288ms)
✔ claimed work can be explicitly released for recovery (0.220443ms)
✔ audit store appends events and prevents duplicate event ids (1.408345ms)
▶ Mission D-REPAIR: Basic Chat host lifecycle + lock
  ✔ A/B: start creates lock and remains listening (131.340179ms)
  ✔ C: second active host is rejected (46.18424ms)
  ✔ D/E/F/G: one close path waits for server and chat cleanup before lifecycle completion (9.979936ms)
  ✔ H/I/J: normal close releases port, removes lock before waiter resolves, restart works (55.688214ms)
  ✔ K: stale lock without live owner allows restart (27.367389ms)
  ✔ L: competing stale recovery attempts never produce two live hosts (26.159702ms)
  ✔ M/N: conversation survives host restart without replay (379.871876ms)
  ✔ O: lock cleanup failure is surfaced and not reported as closed (828.900438ms)
  ✔ closest supported CLI signal path exits only after lock removal (471.640396ms)
  ﹣ Windows-native actual CLI ETX path performs full cleanup and immediate restart (5.008623ms) # Windows-native only
✔ Mission D-REPAIR: Basic Chat host lifecycle + lock (1985.991196ms)
▶ Mission C Basic Chat V1
  ✔ A/B: chat turn uses canonical wake with requireSchedulerDisabled (375.97023ms)
  ✔ C: scheduler enabled causes chat turn to fail closed (26.070493ms)
  ✔ G: second message works after first (149.152494ms)
  ✔ H/I: pause blocks; resume restores (76.595096ms)
  ✔ J: stop prevents subsequent execution (6.786542ms)
  ✔ K/L: restart restores conversation without replay (84.875863ms)
  ✔ M: public wakeLocal ignores injected greenEvaluate; chat rejects injection fields (205.637623ms)
  ✔ loopback server serves UI and keeps composer markup (24.558894ms)
✔ Mission C Basic Chat V1 (952.750338ms)
✔ installed local path reaches doctor GREEN then boot online and persists event (199.960696ms)
✔ installed local boot refuses non-safe configuration (21.44589ms)
✔ builds context from canonical state (1.410945ms)
✔ requires an existing mission and accepted decision (0.965356ms)
✔ rejects unaccepted decisions (0.19097ms)
✔ canonical state validates required authority fields (10.485477ms)
✔ canonical reader reads only canonical state paths (1.887748ms)
✔ capability adapters use real injected probes (2.988381ms)
✔ failed or missing integrations are safely reported unavailable (5.190197ms)
Capability matrix validation passed: 6 models, 11 dimensions, local evidence provenance, explicit unknowns, agent coverage boundary, and affiliate-neutral comparison verified.
✔ tests/capability-comparison-matrix.test.mjs (336.225004ms)
✔ normalizes adapter aliases to canonical capability names (2.476837ms)
✔ unknown capability names remain explicit and falsey values are normalized (0.261224ms)
✔ completed task can create an authorised queued continuation (13.589717ms)
✔ authority escalation in continuation is rejected (1.303593ms)
✔ kill is terminal for the runtime instance (2.240863ms)
✔ audit events are append-only values with actor and timestamp (0.876064ms)
✔ runtime can be paused and resumed (2.812721ms)
✔ kill is terminal for runtime execution (0.340378ms)
CORE-001 state primitive tests passed
✔ tests/core-state.test.mjs (329.342099ms)
CORE-001 end-to-end vertical slice passed
✔ tests/core-vertical-slice.test.mjs (380.677591ms)
✔ deterministic Skill Agent satisfies the worker contract (1.46402ms)
✔ trusted issuer with permitted capabilities is authorised (6.381945ms)
✔ issuer identity is independently trusted (1.080077ms)
✔ requested capabilities cannot exceed policy (0.460111ms)
✔ version conflicts are recoverable reconciliation events (9.969755ms)
✔ ordinary persistence failures are not treated as conflicts (0.181904ms)
✔ completed work can produce an authorised next task (8.816628ms)
✔ continuation cannot exceed parent authority (0.706937ms)
✔ continuation requires the parent to be completed (0.267902ms)
✔ envelope binds task to canonical mission and accepted decision (0.999206ms)
✔ conflicting canonical references are rejected (0.427799ms)
✔ poll cycle executes one matching task and can expose continuation (4.19078ms)
✔ stale claims can be recovered to queued state (2.696602ms)
✔ fresh work is not reset (0.246541ms)
✔ run budget rejects unsafe values (1.705979ms)
✔ valid completed response is correlated and evidence-backed (3.003199ms)
✔ mismatched response task id is rejected (1.656372ms)
✔ runner claims, executes, verifies and completes one task (7.485207ms)
✔ runner escalates execution failures (4.494676ms)
✔ store returns isolated task state and rejects duplicate IDs (2.998017ms)
✔ store replaces known task state (0.977007ms)
✔ worker claims the next matching queued task only after authority validation (5.533671ms)
✔ worker rejects untrusted issuers (0.764782ms)
✔ worker advances through verification to evidence-backed completion (0.414543ms)
✔ valid dispatch task can be validated and claimed once (3.677559ms)
✔ issuer and target mismatches are rejected (0.505139ms)
✔ completion requires evidence (1.436352ms)
✔ blocked and escalated are explicit outcomes (0.252584ms)
✔ local doctor reports GREEN for a fresh safe installation (63.443731ms)
✔ local doctor fails closed when state is missing (26.018692ms)
✔ governor prevents spending beyond token, call and cost budgets (5.999191ms)
✔ evidence model verifies complete evidence (9.442333ms)
✔ evidence model distinguishes unverified work and conflicts (0.33096ms)
Fallback API contract validation passed: required recovery examples, idempotency, SSE replay metadata, error correlation, privacy exclusions, and no-live-endpoint boundary verified.
✔ tests/fallback-api-contract.test.mjs (263.782576ms)
Fallback UI replacement validation passed: accessible structure, keyboard controls, health labels, context and stream recovery states, capability-first ranking, and self-contained offline safeguards verified.
✔ tests/fallback-ui-replacement.test.mjs (137.540308ms)
Fallback UI static validation passed: accessibility landmarks, context warning, provider health states, keyboard navigation, streaming recovery, neutrality, and offline-only safeguards verified.
✔ tests/fallback-ui-static.test.mjs (209.104861ms)
✔ file persistence survives adapter restart (61.77702ms)
Frontend fixture validation passed: category coverage, health transitions, deterministic ranking, capability-first behavior, and local-only safeguards verified.
✔ tests/frontend-provider-fixtures.test.mjs (231.243388ms)
✔ two concurrent runners have exactly one winner for a new lease (11.351056ms)
✔ expired lease takeover is single-winner and stale owner cannot release it (4.335736ms)
✔ completion race is first-writer-wins and loser replays the winner (2.886912ms)
✔ abandoned execution recovers after expiry without duplicate completion (7.817635ms)
✔ GitHub persistence provides shared conditional lease acquisition and release (12.499962ms)
✔ GitHub persistence prevents stale lease renewal from overwriting a newer lease (11.87466ms)
✔ GitHub persistence stores one completion and replays the winner (1.731484ms)
✔ repository adapter maps task IDs to durable dispatch paths and forwards expected versions (3.780952ms)
✔ repository adapter exposes durable audit path (0.732132ms)
✔ serialisation and fingerprint are deterministic (0.286706ms)
✔ GitHub transport rejects stale writes before mutation (1.675506ms)
✔ GitHub transport writes against the current blob when version matches (0.397629ms)
✔ completed task cannot be completed twice (4.316435ms)
✔ second runner cannot acquire an active task lease (2.091065ms)
✔ github-backed wake propagates one trace through task, response and audit (5.500143ms)
✔ github-backed wake fails closed when task disappears (0.564105ms)
✔ normalizes valid canonical evidence as green and read-only (2.739563ms)
✔ rejects workflow evidence from another commit (0.626561ms)
✔ detects heartbeat without useful progress (0.663304ms)
✔ detects contradictory completion evidence (0.467505ms)
✔ detects duplicate wake traces (1.534539ms)
✔ Green detects a dropped wake from expected-wake evidence (4.193979ms)
✔ Green distinguishes heartbeats from useful progress and detects stalled work (0.459505ms)
✔ Green detects duplicate execution traces even when prevention is elsewhere (0.269301ms)
✔ Green detects dispatch SLA drift without changing scheduler behavior (0.243211ms)
✔ Green ignores legitimate paused or cancelled expected work (4.718244ms)
✔ Green Agent produces ranked evidence-backed report and authority-limited task handoff (4.502815ms)
✔ Green Agent preserves historical findings and correlates duplicate observations (0.793001ms)
✔ Green Agent requires independent verified evidence to close and never self-confirms (5.885777ms)
✔ Green Agent rejects empty evidence and unsupported scan findings (0.456287ms)
✔ Green Agent challenge blocks promotion when a claim lacks verified evidence (5.797722ms)
✔ Green Agent GREEN observation never authorizes production promotion (0.341643ms)
✔ completion is accepted once (3.353834ms)
✔ unknown task IDs are rejected (0.25964ms)
✔ local installer rejects unsupported Node versions (4.941923ms)
✔ local installer creates durable safe defaults without enabling autonomy (26.100341ms)
Integration mock adapter validation passed: 8 deterministic states and offline-source safeguards verified.
✔ tests/integration-mock-adapters.test.mjs (182.22294ms)
✔ normalises worker profile and capabilities (2.277966ms)
✔ quality floor is independent of cost and latency (0.481456ms)
✔ second owner cannot acquire an active lease (5.981642ms)
✔ expired lease can be acquired by a new owner (0.436837ms)
✔ only current owner can renew or release (0.521346ms)
✔ acquires an unleased queued task (2.580759ms)
✔ rejects an active lease (0.342666ms)
✔ allows renewal only to the current owner (0.599461ms)
✔ requires the current owner to release (0.330343ms)
▶ Mission C true post-Green ledger append failure
  ✔ N: Green PASS then mandatory completion ledger failure → no durable COMPLETED (166.996433ms)
✔ Mission C true post-Green ledger append failure (169.034579ms)
✔ local cycle propagates wake trace and records useful progress (9.310983ms)
✔ local cycle preserves an existing wake trace (0.667446ms)
✔ local cycle blocks without claiming completion (0.727789ms)
CORE-002 local deterministic demo tests passed
✔ tests/local-demo.test.mjs (264.848042ms)
✔ local persistence survives reopening and boot reuses the Overseer (53.245021ms)
✔ local persistence fails closed on invalid state schema (14.585235ms)
▶ Mission B full-path Green FAIL and ledger failure
  ✔ FULL-PATH Green FAIL: wakeLocal leaves zero COMPLETED response artifacts (203.462875ms)
  ✔ LEDGER FAILURE before COMPLETED: throwing greenEvaluate after worker still no COMPLETED (88.124357ms)
✔ Mission B full-path Green FAIL and ledger failure (301.809836ms)
▶ Green completion gate (Mission A)
  ✔ TEST A/B: Green FAIL disposition is not pass and must not authorize COMPLETED (3.577299ms)
  ✔ TEST C: Green throws on missing task (caller must fail closed) (2.141302ms)
  ✔ TEST D: identity mismatch cannot PASS (0.92806ms)
  ✔ TEST E: valid evidence + matching identity yields PASS (0.573693ms)
  ✔ buildGreenEvidencePacket requires task identity (1.741466ms)
  ✔ ONLY disposition pass is treated as completion authorization (0.229942ms)
✔ Green completion gate (Mission A) (12.845837ms)
▶ Mission B — canonical local-wake + ledger
  ✔ TEST A: requireSchedulerDisabled fails closed when scheduler enabled (38.760018ms)
  ✔ TEST B: scheduler path allowed when requireSchedulerDisabled is false (0.585822ms)
  ✔ TEST C: scheduler enabled does not grant autonomy (still fails if autonomy true) (0.348743ms)
  ✔ TEST D: DRY_RUN still required regardless of scheduler flag (0.296504ms)
  ✔ TEST E: autonomy enabled fails closed (0.789869ms)
  ✔ TEST F: successful cycle leaves reconstructable ledger chain ending COMPLETED (149.317057ms)
  ✔ TEST G: identity-mismatch Green FAIL yields no PASS (0.647398ms)
  ✔ TEST H: Green exception path is fail-closed (0.312008ms)
  ✔ TEST K: two cycles use distinct wake IDs (108.251738ms)
  ✔ TEST J: createMissionRecord rejects invalid outcome (1.171746ms)
✔ Mission B — canonical local-wake + ledger (303.54988ms)
✔ installed runtime wake persists task, response, event and Overseer reuse (266.7179ms)
✔ wake fails closed when local config leaves safe DRY_RUN mode (38.281916ms)
{
  "status": "COMPLETED",
  "task_id": "local-wake-18063bd6-2cbb-4ecf-9ee4-1ac24beb0bad",
  "mission_id": "mission:local-wake-18063bd6-2cbb-4ecf-9ee4-1ac24beb0bad",
  "wake_trace_id": "d0cedeea-907d-4823-9885-10386777d33b",
  "source_agent": "agentos:deterministic-skill-agent",
  "mode": "DRY_RUN",
  "budget_status": "RECONCILED",
  "green_disposition": "pass",
  "autonomyEnabled": false
}
✔ manual wake honours explicit AGENTOS_HOME and preserves safe defaults (100.432019ms)
{
  "status": "COMPLETED",
  "task_id": "local-wake-846c3095-68e2-4809-a78e-1e75e351904d",
  "mission_id": "mission:local-wake-846c3095-68e2-4809-a78e-1e75e351904d",
  "wake_trace_id": "7725f96c-1501-473d-baa9-8a26fae5088c",
  "source_agent": "agentos:deterministic-skill-agent",
  "mode": "DRY_RUN",
  "budget_status": "RECONCILED",
  "green_disposition": "pass",
  "autonomyEnabled": false
}
✔ manual wake defaults to the platform home .agentos directory (69.360283ms)
✔ checkpoint preserves mission context and next action for resume (5.921803ms)
✔ mission record has unique identity and exact UTC plus Brisbane timestamp (45.905324ms)
✔ A to B to C records correlate through predecessor checkpoint ids (5.699597ms)
✔ blocked, failed and awaiting-verification outcomes remain explicit (1.546996ms)
✔ append/read ledger is durable and index exposes current state (32.658567ms)
✔ summary includes blockers and latest stage state (3.212368ms)
✔ malformed NDJSON fails with a controlled mission-ledger parse error (25.206389ms)
✔ mission records reject invalid outcomes and required fields (0.711085ms)
✔ pause and resume share one authoritative mission lifecycle (3.231749ms)
✔ mission lifecycle preserves state across human pause and resume (2.100515ms)
✔ unknown missions cannot transition (1.209777ms)
✔ canonical Overseer auditor persists recommendation and audit event (2.199836ms)
✔ agreed high-quality results are accepted (2.430681ms)
✔ qualified verification can override a weaker original (0.277282ms)
✔ unresolved disagreement escalates (0.352676ms)
✔ execution observations update the local worker profile (3.06109ms)
✔ decision loop resolves requirements, routes, executes and observes (1.264255ms)
✔ decision loop blocks cleanly when no worker qualifies (0.24716ms)
✔ verified evidence allows requested action (1.286327ms)
✔ unverified evidence requires verification (0.152247ms)
✔ conflicting evidence halts for reconciliation (0.127291ms)
✔ Overseer eligibility passes only after real integration probes (1.976427ms)
✔ Overseer eligibility blocks missing GitHub connectivity (2.842049ms)
✔ resolved consensus delivers without escalation (2.625871ms)
✔ high risk unresolved disagreement requires human review (0.32268ms)
✔ budget exhaustion prevents further review spending (0.222835ms)
✔ human gate pauses and resumes a mission decision (2.927803ms)
✔ defaults to balanced routing and a quality floor (1.808232ms)
✔ task preferences override defaults (0.244367ms)
✔ invalid preferences are rejected (0.94704ms)
✔ adapter satisfies Overseer router contract and preserves quality floor (4.836115ms)
✔ adapter honours speed preference after quality gate (0.240835ms)
✔ Overseer turn routes, persists, and audits through one boundary (5.011898ms)
✔ session blocks execution before routing when required connectivity is unavailable (3.434019ms)
✔ session proceeds to routing after eligibility is verified (0.685598ms)
✔ Overseer.sh adapter maps a successful REST response to the worker contract (1.684557ms)
✔ Overseer.sh adapter exposes provider failures as structured worker failures (0.574163ms)
CORE-001 Overseer audit tests passed
✔ tests/overseer.test.mjs (197.481877ms)
✔ canonical persistence bridge exposes one durable-state vocabulary (10.468894ms)
✔ valid persistence adapter is accepted (5.12095ms)
✔ incomplete persistence adapter fails closed (0.772684ms)
✔ completion key is stable (0.227771ms)
✔ valid mission envelope is accepted (213.26966ms)
✔ malformed mission fails closed (176.5735ms)
✔ non-pending mission cannot be replayed (156.08763ms)
✔ accepts a complete Project Overseer response envelope (7.700778ms)
✔ rejects an incomplete Project Overseer response envelope (0.234584ms)
✔ does not allow GREEN as a Project Overseer self-reported status (0.260183ms)
✔ validator accepts complete response (2.449096ms)
✔ validator rejects missing fields (2.663427ms)
✔ validator rejects self-reported GREEN (0.435131ms)
✔ Project Overseer production schedule is hourly and exact (2.552428ms)
✔ Project Overseer wake remains serialized and fail-visible (0.241907ms)
✔ Project Overseer wake verifies the complete deterministic gate (1.886844ms)
✔ Project Overseer wake remains production-enabled (0.244297ms)
Provider catalog reconciliation validation passed: 25 entries, status coverage, CSV provenance, project-evidence boundaries, neutral routing posture, and no-activation safeguards verified.
✔ tests/provider-catalog-reconciliation.test.mjs (196.750218ms)
Provider health policy validation passed: 8 states, freshness labels, stale-availability suppression, retry-after handling, deterministic recommendations, and no-invocation safeguards verified.
✔ tests/provider-health-policy.test.mjs (213.633312ms)
✔ quality floor excludes insufficient workers before cost optimisation (1.111336ms)
✔ speed preference selects fastest worker among quality-qualified options (0.375387ms)
✔ worker must provide every required capability (0.271357ms)
✔ reports when required quality is unavailable (0.3198ms)
Recovery event schema validation passed: complete event coverage, immutable append-only ordering, causal references, privacy exclusions, and recovery boundaries verified.
✔ tests/recovery-event-schemas.test.mjs (191.987028ms)
recovery event schema tests passed
✔ tests/recovery-events.test.mjs (175.532685ms)
CORE-001 recovery and provider handoff tests passed
✔ tests/recovery-handoff.test.mjs (263.790224ms)
✔ recovery retries while budget remains (1.998509ms)
✔ recovery escalates after budget exhaustion (0.345926ms)
✔ escalation pauses through authoritative control (1.067708ms)
✔ role identity is explicit and provider-neutral (1.636378ms)
✔ role identity fails closed when expected role differs (0.727629ms)
✔ role identity rejects missing provider or session (0.475029ms)
✔ role identity rejects unknown roles (0.254178ms)
✔ Gemini Overseer cannot perform ChatGPT Overseer-only authorization (0.494246ms)
✔ Gemini Overseer is allowed independent review and challenge actions (0.231036ms)
CORE-002 safe run-inspector tests passed
✔ tests/run-inspector.test.mjs (169.38086ms)
CORE-002 deterministic test-runner tests passed
✔ tests/run-tests.test.mjs (218.736176ms)
✔ runtime config requires repository identity (2.031545ms)
✔ runtime config uses safe defaults without exposing credentials (1.197964ms)
✔ runtime health tracks lifecycle and heartbeat (2.120506ms)
✔ runtime shell normalizes adapter aliases before eligibility evaluation (1.715282ms)
✔ runtime shell blocks when canonical required connectivity is absent (0.957389ms)
✔ runtime status combines control, health and scheduler state (7.947872ms)
✔ supervisor decision can be applied through authoritative control API (3.043352ms)
✔ healthy runtime continues (8.546659ms)
✔ transient degradation is observed (0.449641ms)
✔ repeated failures request pause (0.353394ms)
✔ kill and pause remain authoritative (0.325474ms)
✔ safe write succeeds normally (1.685319ms)
✔ safe write converts version conflict into reconciliation outcome (1.368982ms)
✔ safe write escalates non-conflict persistence failures (0.295072ms)
✔ scheduler records poll lifecycle events (6.276738ms)
✔ scheduler records poll errors and still invokes error handler (0.524839ms)
✔ paused scheduler does not poll (2.171823ms)
✔ scheduler stops rescheduling after kill (10.692098ms)
✔ control actions preserve kill as terminal (0.941544ms)
✔ scheduler updates health on startup and successful poll (5.736522ms)
✔ scheduler marks health degraded on poll failure (2.000719ms)
✔ scheduler drives a real poll cycle and completes an authorised task (5.005262ms)
✔ scheduler accepts supervisor decision and records it (3.585019ms)
✔ supervisor pause prevents poll execution (0.395326ms)
✔ scheduler runs a bounded number of poll cycles (7.693261ms)
✔ scheduler can be stopped and surfaces poll errors through handler (0.972747ms)
✔ shared reference persistence exposes the required production adapter surface (1.899244ms)
✔ shared reference persistence preserves lease time semantics and prevents competing owners (0.505115ms)
✔ shared reference persistence uses the canonical completion key and supports replay (1.391881ms)
✔ repeated workflows with savings become skill agent candidates (2.402565ms)
✔ skill agent is worthwhile when projected savings exceed costs with confidence (6.553703ms)
✔ low confidence blocks autonomous creation (0.244137ms)
✔ negative economics blocks creation (0.23509ms)
✔ free tier cannot create skill agents (1.131027ms)
✔ tier 2.1 allows one skill agent (5.472218ms)
✔ tier 2.3 allows three skill agents and capability lookup (0.468434ms)
✔ telemetry is off by default (1.325653ms)
✔ performance consent permits performance data only (0.220658ms)
✔ sanitisation excludes conversation content and arbitrary fields (1.654258ms)
Tier 2.3 status validator contract tests passed
✔ tests/tier2_3_status_validator.test.mjs (949.481061ms)
✔ routing filters by required capability before score (2.755424ms)
✔ routing can exclude unavailable workers (0.226606ms)
✔ routing does not use referral metadata as capability (0.841576ms)
▶ Mission C-Repair: V1 first-run scheduler / Basic Chat coherence
  ✔ fresh installLocal writes scheduler.enabled === false (124.22636ms)
  ✔ doctor is GREEN on fresh install with scheduler OFF (69.000034ms)
  ✔ first Basic Chat send on fresh install does not fail scheduler guard (290.795174ms)
  ✔ reinstall without force preserves explicit scheduler-enabled choice (13.989185ms)
  ✔ Basic Chat still fails closed when scheduler deliberately enabled (15.427418ms)
  ✔ scheduler enabled does not grant autonomy (0.86535ms)
✔ Mission C-Repair: V1 first-run scheduler / Basic Chat coherence (517.149847ms)
✔ high risk requires verification (1.52865ms)
✔ low quality or confidence triggers verification (0.668357ms)
✔ strong normal result does not require review (0.226939ms)
✔ verification uses the common router and avoids the original worker (1.269139ms)
✔ claim succeeds only when the repository version still matches (1.355519ms)
✔ stale worker claim is rejected after another writer changes the version (0.330359ms)
✔ vertical mission completes through the public facade (2.534514ms)
✔ vertical mission stops safely when routing is blocked (0.708609ms)
✔ full vertical runtime completes a mission (7.759701ms)
✔ full vertical runtime preserves context through human pause and resume (1.297319ms)
✔ worker contract executes provider-independent worker (11.700108ms)
✔ worker contract converts execution errors into structured failures (0.271089ms)
✔ invalid workers are rejected before execution (0.606434ms)
✔ tracks observed quality cost latency success and retries (1.648039ms)
✔ strict matching selects an enabled executable worker with all capabilities (1.142368ms)
✔ strict matching rejects partial capability matches (0.969344ms)
✔ strict matching rejects disabled workers (0.169211ms)
✔ strict matching rejects non-executable workers (0.512701ms)
✔ strict matching can constrain selection to a worker id (0.46318ms)
ℹ tests 307
ℹ suites 7
ℹ pass 306
ℹ fail 0
ℹ cancelled 0
ℹ skipped 1
ℹ todo 0
ℹ duration_ms 6034.231517
